// Jest Snapshot v1, https://goo.gl/fbAQLP

exports[`renders correctly 1`] = `
<View
  accessible={true}
  focusable={true}
  isTVSelectable={true}
  onClick={[Function]}
  onResponderGrant={[Function]}
  onResponderMove={[Function]}
  onResponderRelease={[Function]}
  onResponderTerminate={[Function]}
  onResponderTerminationRequest={[Function]}
  onStartShouldSetResponder={[Function]}
  style={
    Object {
      "backgroundColor": "#0279AC",
      "borderRadius": 16,
      "color": "#ffffff",
      "flexGrow": 0,
      "margin": 4,
      "opacity": 1,
      "padding": 8,
    }
  }
>
  <Text />
</View>
`;
